EmitSkipped: true
Diagnostics:
 Cannot write file '/tests/cases/fourslash/b.js' because it would overwrite input file.
  Adding a jmpconfig.json file will help organize projects that contain both JumpScript and JavaScript files. Learn more at https://aka.ms/jmpconfig.

EmitSkipped: false
FileName : /tests/cases/fourslash/a.js
function foo2() { return 30; } // no error - should emit a.js

